\BOOKMARK [0][-]{chapter*.1}{\376\377\000R\000e\000m\000e\000r\000c\000i\000e\000m\000e\000n\000t\000s}{}% 1
\BOOKMARK [0][-]{chapter*.2}{\376\377\000G\000l\000o\000s\000s\000a\000i\000r\000e\000\040\000e\000t\000\040\000a\000b\000r\000\351\000v\000i\000a\000t\000i\000o\000n\000s}{}% 2
\BOOKMARK [0][-]{chapter*.6}{\376\377\000R\000\351\000s\000u\000m\000\351}{}% 3
\BOOKMARK [0][-]{chapter*.8}{\376\377\000A\000b\000s\000t\000r\000a\000c\000t}{}% 4
\BOOKMARK [0][-]{chapter.1}{\376\377\000I\000n\000t\000r\000o\000d\000u\000c\000t\000i\000o\000n}{}% 5
\BOOKMARK [1][-]{section.1.1}{\376\377\000C\000o\000n\000t\000e\000x\000t\000e\000\040\000d\000e\000\040\000l\000'\000a\000l\000t\000e\000r\000n\000a\000n\000c\000e}{chapter.1}% 6
\BOOKMARK [1][-]{section.1.2}{\376\377\000O\000b\000j\000e\000c\000t\000i\000f\000s\000\040\000e\000t\000\040\000e\000n\000j\000e\000u\000x}{chapter.1}% 7
\BOOKMARK [1][-]{section.1.3}{\376\377\000P\000r\000o\000b\000l\000\351\000m\000a\000t\000i\000q\000u\000e}{chapter.1}% 8
\BOOKMARK [1][-]{section.1.4}{\376\377\000S\000y\000n\000t\000h\000\350\000s\000e\000\040\000d\000e\000s\000\040\000a\000p\000p\000o\000r\000t\000s\000\040\000p\000e\000r\000s\000o\000n\000n\000e\000l\000s}{chapter.1}% 9
\BOOKMARK [1][-]{section.1.5}{\376\377\000S\000t\000r\000u\000c\000t\000u\000r\000e\000\040\000d\000u\000\040\000m\000\351\000m\000o\000i\000r\000e}{chapter.1}% 10
\BOOKMARK [0][-]{chapter.2}{\376\377\000P\000o\000s\000i\000t\000i\000o\000n\000n\000e\000m\000e\000n\000t\000\040\000d\000e\000\040\000l\000'\000a\000l\000t\000e\000r\000n\000a\000n\000c\000e\000\040\000e\000t\000\040\000p\000r\000o\000b\000l\000\351\000m\000a\000t\000i\000q\000u\000e}{}% 11
\BOOKMARK [1][-]{section.2.1}{\376\377\000\311\000t\000u\000d\000e\000\040\000d\000u\000\040\000s\000e\000c\000t\000e\000u\000r\000\040\000:\000\040\000l\000e\000\040\000c\000o\000m\000p\000a\000r\000t\000i\000m\000e\000n\000t\000a\000g\000e\000\040\000e\000t\000\040\000l\000e\000\040\000d\000\351\000s\000e\000n\000f\000u\000m\000a\000g\000e}{chapter.2}% 12
\BOOKMARK [2][-]{subsection.2.1.1}{\376\377\000U\000n\000\040\000s\000e\000c\000t\000e\000u\000r\000\040\000m\000\351\000c\000o\000n\000n\000u\000\040\000m\000a\000i\000s\000\040\000v\000i\000t\000a\000l\000\040\000p\000o\000u\000r\000\040\000l\000a\000\040\000s\000\351\000c\000u\000r\000i\000t\000\351}{section.2.1}% 13
\BOOKMARK [2][-]{subsection.2.1.2}{\376\377\000U\000n\000\040\000e\000n\000v\000i\000r\000o\000n\000n\000e\000m\000e\000n\000t\000\040\000r\000\351\000g\000l\000e\000m\000e\000n\000t\000a\000i\000r\000e\000\040\000e\000x\000i\000g\000e\000a\000n\000t}{section.2.1}% 14
\BOOKMARK [2][-]{subsection.2.1.3}{\376\377\000L\000e\000s\000\040\000a\000c\000t\000e\000u\000r\000s\000\040\000e\000t\000\040\000o\000r\000i\000e\000n\000t\000a\000t\000i\000o\000n\000s\000\040\000d\000u\000\040\000s\000e\000c\000t\000e\000u\000r}{section.2.1}% 15
\BOOKMARK [2][-]{subsection.2.1.4}{\376\377\000E\000n\000g\000a\000g\000e\000m\000e\000n\000t\000\040\000D\000D\000-\000R\000S\000E\000\040\000d\000u\000\040\000s\000e\000c\000t\000e\000u\000r\000\040\000:\000\040\000e\000n\000t\000r\000e\000\040\000c\000o\000n\000t\000r\000a\000i\000n\000t\000e\000\040\000e\000t\000\040\000l\000e\000v\000i\000e\000r\000\040\000s\000t\000r\000a\000t\000\351\000g\000i\000q\000u\000e}{section.2.1}% 16
\BOOKMARK [1][-]{section.2.2}{\376\377\000P\000o\000s\000i\000t\000i\000o\000n\000n\000e\000m\000e\000n\000t\000\040\000d\000e\000\040\000S\000o\000u\000c\000h\000i\000e\000r\000-\000B\000o\000u\000l\000l\000e\000t}{chapter.2}% 17
\BOOKMARK [2][-]{subsection.2.2.1}{\376\377\000H\000i\000s\000t\000o\000i\000r\000e\000\040\000e\000t\000\040\000i\000d\000e\000n\000t\000i\000t\000\351\000\040\000d\000e\000\040\000l\000'\000e\000n\000t\000r\000e\000p\000r\000i\000s\000e}{section.2.2}% 18
\BOOKMARK [2][-]{subsection.2.2.2}{\376\377\000U\000n\000e\000\040\000d\000\351\000m\000a\000r\000c\000h\000e\000\040\000d\000'\000i\000n\000n\000o\000v\000a\000t\000i\000o\000n\000\040\000c\000o\000n\000t\000i\000n\000u\000e}{section.2.2}% 19
\BOOKMARK [1][-]{section.2.3}{\376\377\000M\000o\000n\000\040\000r\000\364\000l\000e\000\040\000a\000u\000\040\000s\000e\000i\000n\000\040\000d\000e\000\040\000l\000'\000e\000n\000t\000r\000e\000p\000r\000i\000s\000e}{chapter.2}% 20
\BOOKMARK [2][-]{subsection.2.3.1}{\376\377\000I\000n\000t\000\351\000g\000r\000a\000t\000i\000o\000n\000\040\000d\000a\000n\000s\000\040\000l\000a\000\040\000d\000y\000n\000a\000m\000i\000q\000u\000e\000\040\000R\000\046\000D}{section.2.3}% 21
\BOOKMARK [2][-]{subsection.2.3.2}{\376\377\000D\000e\000u\000x\000\040\000m\000i\000s\000s\000i\000o\000n\000s\000\040\000c\000o\000m\000p\000l\000\351\000m\000e\000n\000t\000a\000i\000r\000e\000s\000\040\000e\000t\000\040\000s\000t\000r\000a\000t\000\351\000g\000i\000q\000u\000e\000s}{section.2.3}% 22
\BOOKMARK [1][-]{section.2.4}{\376\377\000P\000r\000o\000b\000l\000\351\000m\000a\000t\000i\000q\000u\000e\000\040\000c\000e\000n\000t\000r\000a\000l\000e\000\040\000e\000t\000\040\000e\000n\000j\000e\000u\000x}{chapter.2}% 23
\BOOKMARK [2][-]{subsection.2.4.1}{\376\377\000D\000\351\000f\000i\000s\000\040\000d\000e\000\040\000l\000a\000\040\000t\000r\000a\000n\000s\000f\000o\000r\000m\000a\000t\000i\000o\000n\000\040\000n\000u\000m\000\351\000r\000i\000q\000u\000e\000\040\000i\000n\000d\000u\000s\000t\000r\000i\000e\000l\000l\000e}{section.2.4}% 24
\BOOKMARK [2][-]{subsection.2.4.2}{\376\377\000I\000m\000p\000a\000c\000t\000\040\000s\000t\000r\000a\000t\000\351\000g\000i\000q\000u\000e\000\040\000d\000e\000s\000\040\000s\000o\000l\000u\000t\000i\000o\000n\000s\000\040\000e\000n\000v\000i\000s\000a\000g\000\351\000e\000s}{section.2.4}% 25
\BOOKMARK [0][-]{chapter.3}{\376\377\000P\000r\000\351\000s\000e\000n\000t\000a\000t\000i\000o\000n\000\040\000d\000e\000\040\000l\000'\000a\000l\000t\000e\000r\000n\000a\000n\000c\000e}{}% 26
\BOOKMARK [1][-]{section.3.1}{\376\377\000C\000o\000n\000t\000e\000x\000t\000e\000\040\000c\000h\000e\000z\000\040\000S\000o\000u\000c\000h\000i\000e\000r\000-\000B\000o\000u\000l\000l\000e\000t}{chapter.3}% 27
\BOOKMARK [1][-]{section.3.2}{\376\377\000M\000i\000s\000s\000i\000o\000n\000s\000\040\000c\000o\000n\000f\000i\000\351\000e\000s}{chapter.3}% 28
\BOOKMARK [2][-]{subsection.3.2.1}{\376\377\000M\000i\000s\000s\000i\000o\000n\000\040\0001\000\040\000:\000\040\000D\000\351\000v\000e\000l\000o\000p\000p\000e\000m\000e\000n\000t\000\040\000d\000'\000u\000n\000\040\000c\000o\000n\000f\000i\000g\000u\000r\000a\000t\000e\000u\000r\000\040\000S\000Q\000L}{section.3.2}% 29
\BOOKMARK [2][-]{subsection.3.2.2}{\376\377\000M\000i\000s\000s\000i\000o\000n\000\040\0002\000\040\000:\000\040\000O\000p\000t\000i\000m\000i\000s\000a\000t\000i\000o\000n\000\040\000d\000e\000s\000\040\000m\000o\000d\000\350\000l\000e\000s\000\040\0003\000D\000\040\000s\000u\000r\000\040\000A\000u\000t\000o\000d\000e\000s\000k\000\040\000I\000n\000v\000e\000n\000t\000o\000r}{section.3.2}% 30
\BOOKMARK [1][-]{section.3.3}{\376\377\000P\000\351\000r\000i\000m\000\350\000t\000r\000e\000\040\000d\000e\000\040\000r\000e\000s\000p\000o\000n\000s\000a\000b\000i\000l\000i\000t\000\351\000\040\000e\000t\000\040\000n\000i\000v\000e\000a\000u\000\040\000d\000'\000a\000u\000t\000o\000n\000o\000m\000i\000e}{chapter.3}% 31
\BOOKMARK [1][-]{section.3.4}{\376\377\000I\000m\000p\000o\000r\000t\000a\000n\000c\000e\000\040\000s\000t\000r\000a\000t\000\351\000g\000i\000q\000u\000e\000\040\000d\000e\000s\000\040\000m\000i\000s\000s\000i\000o\000n\000s}{chapter.3}% 32
\BOOKMARK [2][-]{subsection.3.4.1}{\376\377\000O\000p\000t\000i\000m\000i\000s\000a\000t\000i\000o\000n\000\040\000d\000e\000\040\000l\000a\000\040\000c\000o\000n\000c\000e\000p\000t\000i\000o\000n\000\040\0003\000D}{section.3.4}% 33
\BOOKMARK [2][-]{subsection.3.4.2}{\376\377\000D\000\351\000v\000e\000l\000o\000p\000p\000e\000m\000e\000n\000t\000\040\000d\000u\000\040\000c\000o\000n\000f\000i\000g\000u\000r\000a\000t\000e\000u\000r\000\040\000S\000Q\000L}{section.3.4}% 34
\BOOKMARK [1][-]{section.3.5}{\376\377\000O\000b\000j\000e\000c\000t\000i\000f\000s\000\040\000d\000\351\000t\000a\000i\000l\000l\000\351\000s}{chapter.3}% 35
\BOOKMARK [2][-]{subsection.3.5.1}{\376\377\000O\000b\000j\000e\000c\000t\000i\000f\000s\000\040\000p\000o\000u\000r\000\040\000l\000a\000\040\000c\000o\000n\000c\000e\000p\000t\000i\000o\000n\000\040\0003\000D}{section.3.5}% 36
\BOOKMARK [2][-]{subsection.3.5.2}{\376\377\000O\000b\000j\000e\000c\000t\000i\000f\000s\000\040\000p\000o\000u\000r\000\040\000l\000e\000\040\000c\000o\000n\000f\000i\000g\000u\000r\000a\000t\000e\000u\000r\000\040\000S\000Q\000L}{section.3.5}% 37
\BOOKMARK [1][-]{section.3.6}{\376\377\000P\000l\000a\000n\000\040\000d\000e\000\040\000r\000o\000u\000t\000e\000,\000\040\000m\000\351\000t\000h\000o\000d\000e\000s\000\040\000d\000e\000\040\000t\000r\000a\000v\000a\000i\000l\000\040\000e\000t\000\040\000p\000a\000r\000t\000i\000e\000s\000\040\000p\000r\000e\000n\000a\000n\000t\000e\000s}{chapter.3}% 38
\BOOKMARK [2][-]{subsection.3.6.1}{\376\377\000A\000n\000a\000l\000y\000s\000e\000\040\000d\000u\000\040\000b\000e\000s\000o\000i\000n\000\040\000e\000t\000\040\000c\000a\000d\000r\000a\000g\000e\000\040\000i\000n\000i\000t\000i\000a\000l}{section.3.6}% 39
\BOOKMARK [2][-]{subsection.3.6.2}{\376\377\000R\000\351\000t\000r\000o\000p\000l\000a\000n\000n\000i\000n\000g\000\040\000e\000t\000\040\000j\000a\000l\000o\000n\000s\000\040\000p\000r\000i\000n\000c\000i\000p\000a\000u\000x}{section.3.6}% 40
\BOOKMARK [2][-]{subsection.3.6.3}{\376\377\000O\000r\000g\000a\000n\000i\000s\000a\000t\000i\000o\000n\000\040\000p\000r\000a\000t\000i\000q\000u\000e\000\040\000d\000u\000\040\000t\000r\000a\000v\000a\000i\000l}{section.3.6}% 41
\BOOKMARK [2][-]{subsection.3.6.4}{\376\377\000O\000u\000t\000i\000l\000s\000\040\000e\000t\000\040\000\351\000q\000u\000i\000p\000e\000s\000\040\000c\000o\000n\000c\000e\000r\000n\000\351\000e\000s}{section.3.6}% 42
\BOOKMARK [0][-]{chapter.4}{\376\377\000D\000\351\000r\000o\000u\000l\000e\000m\000e\000n\000t\000\040\000t\000e\000c\000h\000n\000i\000q\000u\000e\000\040\000d\000e\000\040\000l\000'\000a\000l\000t\000e\000r\000n\000a\000n\000c\000e}{}% 43
\BOOKMARK [1][-]{section.4.1}{\376\377\000M\000\351\000t\000h\000o\000d\000o\000l\000o\000g\000i\000e\000\040\000d\000e\000\040\000m\000o\000d\000i\000f\000i\000c\000a\000t\000i\000o\000n\000\040\000d\000e\000s\000\040\000m\000o\000d\000\350\000l\000e\000s\000\040\0003\000D}{chapter.4}% 44
\BOOKMARK [2][-]{subsection.4.1.1}{\376\377\000P\000r\000o\000c\000e\000s\000s\000u\000s\000\040\000d\000e\000\040\000t\000r\000a\000i\000t\000e\000m\000e\000n\000t\000\040\000d\000e\000s\000\040\000f\000i\000c\000h\000e\000s\000\040\000d\000e\000\040\000m\000o\000d\000i\000f\000i\000c\000a\000t\000i\000o\000n}{section.4.1}% 45
\BOOKMARK [2][-]{subsection.4.1.2}{\376\377\000T\000e\000c\000h\000n\000i\000q\000u\000e\000s\000\040\000d\000'\000o\000p\000t\000i\000m\000i\000s\000a\000t\000i\000o\000n\000\040\000s\000u\000r\000\040\000A\000u\000t\000o\000d\000e\000s\000k\000\040\000I\000n\000v\000e\000n\000t\000o\000r}{section.4.1}% 46
\BOOKMARK [2][-]{subsection.4.1.3}{\376\377\000C\000a\000s\000\040\000c\000o\000n\000c\000r\000e\000t\000\040\000:\000\040\000s\000i\000m\000p\000l\000i\000f\000i\000c\000a\000t\000i\000o\000n\000\040\000d\000e\000\040\000l\000'\000E\000x\000u\000b\000a\000i\000e\000\040\000V\0002}{section.4.1}% 47
\BOOKMARK [1][-]{section.4.2}{\376\377\000D\000\351\000v\000e\000l\000o\000p\000p\000e\000m\000e\000n\000t\000\040\000d\000u\000\040\000c\000o\000n\000f\000i\000g\000u\000r\000a\000t\000e\000u\000r\000\040\000S\000Q\000L\000\040\040\023\000\040\000A\000n\000n\000\351\000e\000\040\0001\000\040\000\050\000C\000o\000v\000e\000r\000a\000c\000c\000e\000s\000s\000\051}{chapter.4}% 48
\BOOKMARK [2][-]{subsection.4.2.1}{\376\377\000D\000u\000\040\000P\000V\000\040\000f\000e\000u\000\040\000a\000u\000\040\000f\000i\000c\000h\000i\000e\000r\000\040\000E\000x\000c\000e\000l\000,\000\040\000d\000u\000\040\000f\000i\000c\000h\000i\000e\000r\000\040\000E\000x\000c\000e\000l\000\040\000a\000u\000\040\000c\000o\000n\000f\000i\000g\000u\000r\000a\000t\000e\000u\000r}{section.4.2}% 49
\BOOKMARK [2][-]{subsection.4.2.2}{\376\377\000A\000r\000c\000h\000i\000t\000e\000c\000t\000u\000r\000e\000\040\000d\000e\000\040\000l\000a\000\040\000b\000a\000s\000e\000\040\000d\000e\000\040\000d\000o\000n\000n\000\351\000e\000s}{section.4.2}% 50
\BOOKMARK [2][-]{subsection.4.2.3}{\376\377\000A\000r\000c\000h\000i\000t\000e\000c\000t\000u\000r\000e\000\040\000f\000o\000n\000c\000t\000i\000o\000n\000n\000e\000l\000l\000e\000\040\000e\000t\000\040\000i\000n\000t\000e\000r\000a\000c\000t\000i\000o\000n\000s\000\040\000e\000n\000t\000r\000e\000\040\000s\000o\000u\000s\000-\000s\000y\000s\000t\000\350\000m\000e\000s}{section.4.2}% 51
\BOOKMARK [2][-]{subsection.4.2.4}{\376\377\000C\000h\000o\000i\000x\000\040\000d\000e\000\040\000c\000o\000n\000c\000e\000p\000t\000i\000o\000n\000\040\000e\000t\000\040\000a\000r\000b\000i\000t\000r\000a\000g\000e\000s\000\040\000t\000e\000c\000h\000n\000i\000q\000u\000e\000s}{section.4.2}% 52
\BOOKMARK [2][-]{subsection.4.2.5}{\376\377\000I\000m\000p\000l\000\351\000m\000e\000n\000t\000a\000t\000i\000o\000n\000\040\000d\000e\000s\000\040\000r\000\350\000g\000l\000e\000s\000\040\000m\000\351\000t\000i\000e\000r}{section.4.2}% 53
\BOOKMARK [2][-]{subsection.4.2.6}{\376\377\000D\000\351\000v\000e\000l\000o\000p\000p\000e\000m\000e\000n\000t\000\040\000d\000e\000\040\000l\000'\000i\000n\000t\000e\000r\000f\000a\000c\000e\000\040\000D\000e\000s\000i\000g\000n\000\040\000S\000t\000u\000d\000i\000o}{section.4.2}% 54
\BOOKMARK [2][-]{subsection.4.2.7}{\376\377\000\311\000t\000u\000d\000e\000\040\000d\000e\000\040\000c\000a\000s\000\040\000:\000\040\000l\000e\000\040\000m\000o\000d\000u\000l\000e\000\040\000d\000e\000\040\000c\000o\000m\000p\000a\000r\000t\000i\000m\000e\000n\000t\000a\000g\000e\000\040\000C\000o\000v\000e\000r\000a\000c\000c\000e\000s\000s}{section.4.2}% 55
\BOOKMARK [1][-]{section.4.3}{\376\377\000E\000x\000t\000e\000n\000s\000i\000o\000n\000\040\000d\000u\000\040\000p\000\351\000r\000i\000m\000\350\000t\000r\000e\000\040\040\023\000\040\000d\000e\000\040\000l\000'\000A\0004\000\040\000\340\000\040\000l\000'\000A\0005}{chapter.4}% 56
\BOOKMARK [2][-]{subsection.4.3.1}{\376\377\000M\000\351\000t\000h\000o\000d\000o\000l\000o\000g\000i\000e\000\040\000d\000'\000e\000x\000t\000e\000n\000s\000i\000o\000n\000\040\000a\000u\000x\000\040\000n\000o\000u\000v\000e\000l\000l\000e\000s\000\040\000g\000a\000m\000m\000e\000s}{section.4.3}% 57
\BOOKMARK [2][-]{subsection.4.3.2}{\376\377\000D\000O\000O\000R\000S\000L\000I\000D\000E\000\040\040\023\000\040\000P\000r\000e\000m\000i\000\350\000r\000e\000\040\000e\000x\000t\000e\000n\000s\000i\000o\000n\000\040\000e\000n\000g\000a\000g\000\351\000e\000\040\000e\000n\000\040\000A\0004}{section.4.3}% 58
\BOOKMARK [2][-]{subsection.4.3.3}{\376\377\000D\000O\000O\000R\000S\000T\000E\000E\000L\000\040\040\023\000\040\000C\000o\000n\000s\000o\000l\000i\000d\000a\000t\000i\000o\000n\000\040\000d\000e\000\040\000l\000a\000\040\000d\000\351\000m\000a\000r\000c\000h\000e\000\040\000e\000n\000\040\000A\0005}{section.4.3}% 59
\BOOKMARK [2][-]{subsection.4.3.4}{\376\377\000P\000H\000O\000N\000I\000\040\000L\000U\000X\000-\000A\000I\000R\000-\000P\000A\000S\000S\000\040\040\023\000\040\000P\000r\000o\000d\000u\000i\000t\000s\000\040\000c\000o\000m\000b\000i\000n\000a\000n\000t\000\040\000d\000\351\000s\000e\000n\000f\000u\000m\000a\000g\000e\000\040\000e\000t\000\040\000a\000c\000o\000u\000s\000t\000i\000q\000u\000e}{section.4.3}% 60
\BOOKMARK [2][-]{subsection.4.3.5}{\376\377\000P\000o\000r\000t\000e\000\040\000O\000N\000Y\000X\000\040\000e\000t\000\040\000P\000o\000r\000t\000e\000\040\000M\000U\000L\000T\000I\000D\000O\000O\000R\000\040\040\023\000\040\000C\000o\000n\000f\000i\000g\000u\000r\000a\000t\000e\000u\000r\000\040\000m\000u\000t\000u\000a\000l\000i\000s\000\351\000\040\000d\000e\000\040\000n\000\351\000g\000o\000c\000e}{section.4.3}% 61
\BOOKMARK [2][-]{subsection.4.3.6}{\376\377\000S\000c\000r\000e\000e\000n\000P\000a\000s\000s\000\040\000e\000t\000\040\000C\000U\000R\000T\000E\000X\000\040\000V\0002\000\040\040\023\000\040\000M\000u\000t\000u\000a\000l\000i\000s\000a\000t\000i\000o\000n\000\040\000p\000o\000u\000r\000\040\000l\000e\000s\000\040\000r\000i\000d\000e\000a\000u\000x\000\040\000d\000e\000\040\000c\000o\000m\000p\000a\000r\000t\000i\000m\000e\000n\000t\000a\000g\000e}{section.4.3}% 62
\BOOKMARK [1][-]{section.4.4}{\376\377\000I\000n\000t\000\351\000g\000r\000a\000t\000i\000o\000n\000\040\000d\000y\000n\000a\000m\000i\000q\000u\000e\000\040\000e\000n\000t\000r\000e\000\040\000l\000e\000\040\000c\000o\000n\000f\000i\000g\000u\000r\000a\000t\000e\000u\000r\000\040\000S\000Q\000L\000\040\000e\000t\000\040\000A\000u\000t\000o\000d\000e\000s\000k\000\040\000I\000n\000v\000e\000n\000t\000o\000r}{chapter.4}% 63
\BOOKMARK [2][-]{subsection.4.4.1}{\376\377\000P\000r\000i\000n\000c\000i\000p\000e\000\040\000e\000t\000\040\000m\000o\000t\000i\000v\000a\000t\000i\000o\000n}{section.4.4}% 64
\BOOKMARK [2][-]{subsection.4.4.2}{\376\377\000A\000r\000c\000h\000i\000t\000e\000c\000t\000u\000r\000e\000\040\000t\000e\000c\000h\000n\000i\000q\000u\000e\000\040\000d\000e\000\040\000l\000'\000i\000n\000t\000\351\000g\000r\000a\000t\000i\000o\000n}{section.4.4}% 65
\BOOKMARK [2][-]{subsection.4.4.3}{\376\377\000L\000i\000m\000i\000t\000e\000s\000\040\000i\000d\000e\000n\000t\000i\000f\000i\000\351\000e\000s\000\040\000e\000t\000\040\000e\000n\000s\000e\000i\000g\000n\000e\000m\000e\000n\000t\000s}{section.4.4}% 66
\BOOKMARK [0][-]{chapter.5}{\376\377\000R\000\351\000s\000u\000l\000t\000a\000t\000s\000\040\000e\000t\000\040\000i\000m\000p\000a\000c\000t\000\040\000d\000e\000s\000\040\000s\000o\000l\000u\000t\000i\000o\000n\000s}{}% 67
\BOOKMARK [1][-]{section.5.1}{\376\377\000V\000a\000l\000e\000u\000r\000\040\000c\000r\000\351\000\351\000e\000\040\000p\000a\000r\000\040\000m\000o\000n\000\040\000i\000n\000t\000e\000r\000v\000e\000n\000t\000i\000o\000n}{chapter.5}% 68
\BOOKMARK [1][-]{section.5.2}{\376\377\000S\000o\000l\000u\000t\000i\000o\000n\000s\000\040\000p\000r\000o\000p\000o\000s\000\351\000e\000s\000\040\000e\000t\000\040\000o\000u\000t\000i\000l\000s\000\040\000m\000o\000b\000i\000l\000i\000s\000\351\000s}{chapter.5}% 69
\BOOKMARK [1][-]{section.5.3}{\376\377\000R\000\351\000d\000u\000c\000t\000i\000o\000n\000\040\000d\000e\000s\000\040\000e\000r\000r\000e\000u\000r\000s\000\040\000h\000u\000m\000a\000i\000n\000e\000s}{chapter.5}% 70
\BOOKMARK [1][-]{section.5.4}{\376\377\000G\000a\000i\000n\000\040\000d\000'\000e\000f\000f\000i\000c\000a\000c\000i\000t\000\351\000\040\000o\000p\000\351\000r\000a\000t\000i\000o\000n\000n\000e\000l\000l\000e}{chapter.5}% 71
\BOOKMARK [1][-]{section.5.5}{\376\377\000A\000m\000\351\000l\000i\000o\000r\000a\000t\000i\000o\000n\000\040\000d\000e\000\040\000l\000a\000\040\000c\000o\000m\000m\000u\000n\000i\000c\000a\000t\000i\000o\000n\000\040\000i\000n\000t\000e\000r\000s\000e\000r\000v\000i\000c\000e\000s}{chapter.5}% 72
\BOOKMARK [1][-]{section.5.6}{\376\377\000P\000h\000a\000s\000e\000\040\000d\000e\000\040\000v\000a\000l\000i\000d\000a\000t\000i\000o\000n\000\040\000e\000t\000\040\000d\000\351\000m\000a\000r\000c\000h\000e\000\040\000q\000u\000a\000l\000i\000t\000\351}{chapter.5}% 73
\BOOKMARK [1][-]{section.5.7}{\376\377\000S\000y\000n\000t\000h\000\350\000s\000e\000\040\000d\000e\000s\000\040\000l\000i\000v\000r\000a\000b\000l\000e\000s\000\040\000p\000r\000o\000d\000u\000i\000t\000s}{chapter.5}% 74
\BOOKMARK [0][-]{chapter.6}{\376\377\000B\000i\000l\000a\000n\000\040\000d\000e\000\040\000l\000'\000a\000l\000t\000e\000r\000n\000a\000n\000c\000e}{}% 75
\BOOKMARK [1][-]{section.6.1}{\376\377\000C\000o\000m\000p\000\351\000t\000e\000n\000c\000e\000s\000\040\000d\000\351\000v\000e\000l\000o\000p\000p\000\351\000e\000s\000\040\000e\000t\000\040\000a\000c\000q\000u\000i\000s\000e\000s}{chapter.6}% 76
\BOOKMARK [2][-]{subsection.6.1.1}{\376\377\000C\000o\000m\000p\000\351\000t\000e\000n\000c\000e\000s\000\040\000t\000e\000c\000h\000n\000i\000q\000u\000e\000s}{section.6.1}% 77
\BOOKMARK [2][-]{subsection.6.1.2}{\376\377\000C\000o\000m\000p\000\351\000t\000e\000n\000c\000e\000s\000\040\000t\000r\000a\000n\000s\000v\000e\000r\000s\000e\000s}{section.6.1}% 78
\BOOKMARK [2][-]{subsection.6.1.3}{\376\377\000C\000o\000m\000p\000\351\000t\000e\000n\000c\000e\000s\000\040\000i\000d\000e\000n\000t\000i\000f\000i\000\351\000e\000s\000\040\000c\000o\000m\000m\000e\000\040\000i\000n\000s\000u\000f\000f\000i\000s\000a\000n\000t\000e\000s}{section.6.1}% 79
\BOOKMARK [1][-]{section.6.2}{\376\377\000L\000i\000e\000n\000\040\000a\000v\000e\000c\000\040\000l\000a\000\040\000m\000a\000j\000e\000u\000r\000e\000\040\000M\000o\000d\000\351\000l\000i\000s\000a\000t\000i\000o\000n\000\040\000\046\000\040\000N\000u\000m\000\351\000r\000i\000q\000u\000e}{chapter.6}% 80
\BOOKMARK [2][-]{subsection.6.2.1}{\376\377\000A\000p\000p\000o\000r\000t\000s\000\040\000d\000i\000r\000e\000c\000t\000s\000\040\000d\000e\000s\000\040\000e\000n\000s\000e\000i\000g\000n\000e\000m\000e\000n\000t\000s}{section.6.2}% 81
\BOOKMARK [2][-]{subsection.6.2.2}{\376\377\000C\000e\000\040\000q\000u\000e\000\040\000l\000'\000a\000l\000t\000e\000r\000n\000a\000n\000c\000e\000\040\000a\000p\000p\000o\000r\000t\000e\000\040\000e\000n\000\040\000r\000e\000t\000o\000u\000r\000\040\000\340\000\040\000l\000a\000\040\000f\000o\000r\000m\000a\000t\000i\000o\000n}{section.6.2}% 82
\BOOKMARK [1][-]{section.6.3}{\376\377\000D\000i\000f\000f\000i\000c\000u\000l\000t\000\351\000s\000\040\000r\000e\000n\000c\000o\000n\000t\000r\000\351\000e\000s\000\040\000e\000t\000\040\000s\000o\000l\000u\000t\000i\000o\000n\000s\000\040\000a\000p\000p\000o\000r\000t\000\351\000e\000s}{chapter.6}% 83
\BOOKMARK [2][-]{subsection.6.3.1}{\376\377\000H\000\351\000t\000\351\000r\000o\000g\000\351\000n\000\351\000i\000t\000\351\000\040\000d\000e\000s\000\040\000s\000o\000u\000r\000c\000e\000s\000\040\000d\000e\000\040\000d\000o\000n\000n\000\351\000e\000s}{section.6.3}% 84
\BOOKMARK [2][-]{subsection.6.3.2}{\376\377\000F\000r\000a\000g\000i\000l\000i\000t\000\351\000\040\000d\000e\000\040\000l\000a\000\040\000l\000i\000a\000i\000s\000o\000n\000\040\000S\000Q\000L\040\023\000C\000A\000O}{section.6.3}% 85
\BOOKMARK [2][-]{subsection.6.3.3}{\376\377\000G\000\351\000n\000\351\000r\000i\000c\000i\000t\000\351\000\040\000v\000e\000r\000s\000u\000s\000\040\000l\000i\000s\000i\000b\000i\000l\000i\000t\000\351\000\040\000d\000e\000\040\000l\000'\000a\000r\000c\000h\000i\000t\000e\000c\000t\000u\000r\000e}{section.6.3}% 86
\BOOKMARK [1][-]{section.6.4}{\376\377\000S\000u\000c\000c\000\350\000s\000,\000\040\000b\000o\000n\000n\000e\000s\000\040\000p\000r\000a\000t\000i\000q\000u\000e\000s\000\040\000e\000t\000\040\000a\000x\000e\000s\000\040\000d\000'\000a\000m\000\351\000l\000i\000o\000r\000a\000t\000i\000o\000n}{chapter.6}% 87
\BOOKMARK [2][-]{subsection.6.4.1}{\376\377\000C\000e\000\040\000q\000u\000i\000\040\000a\000\040\000b\000i\000e\000n\000\040\000f\000o\000n\000c\000t\000i\000o\000n\000n\000\351}{section.6.4}% 88
\BOOKMARK [2][-]{subsection.6.4.2}{\376\377\000A\000x\000e\000s\000\040\000d\000'\000a\000m\000\351\000l\000i\000o\000r\000a\000t\000i\000o\000n}{section.6.4}% 89
\BOOKMARK [1][-]{section.6.5}{\376\377\000A\000n\000a\000l\000y\000s\000e\000\040\000c\000r\000i\000t\000i\000q\000u\000e\000\040\000:\000\040\000p\000r\000\351\000c\000o\000n\000i\000s\000a\000t\000i\000o\000n\000s\000\040\000e\000t\000\040\000e\000n\000g\000a\000g\000e\000m\000e\000n\000t\000\040\000D\000D\000-\000R\000S\000E}{chapter.6}% 90
\BOOKMARK [2][-]{subsection.6.5.1}{\376\377\000P\000r\000\351\000c\000o\000n\000i\000s\000a\000t\000i\000o\000n\000s\000\040\000p\000o\000u\000r\000\040\000l\000a\000\040\000s\000u\000i\000t\000e}{section.6.5}% 91
\BOOKMARK [2][-]{subsection.6.5.2}{\376\377\000E\000n\000g\000a\000g\000e\000m\000e\000n\000t\000s\000\040\000D\000D\000-\000R\000S\000E\000\040\000p\000e\000r\000s\000o\000n\000n\000e\000l\000s}{section.6.5}% 92
\BOOKMARK [1][-]{section.6.6}{\376\377\000P\000l\000a\000n\000\040\000d\000e\000\040\000c\000a\000r\000r\000i\000\350\000r\000e}{chapter.6}% 93
\BOOKMARK [2][-]{subsection.6.6.1}{\376\377\000P\000o\000s\000i\000t\000i\000o\000n\000n\000e\000m\000e\000n\000t\000\040\000a\000c\000t\000u\000e\000l\000\040\000e\000t\000\040\000a\000c\000q\000u\000i\000s\000\040\000d\000e\000\040\000l\000'\000a\000l\000t\000e\000r\000n\000a\000n\000c\000e}{section.6.6}% 94
\BOOKMARK [2][-]{subsection.6.6.2}{\376\377\000O\000b\000j\000e\000c\000t\000i\000f\000s\000\040\000\340\000\040\000c\000o\000u\000r\000t\000\040\000t\000e\000r\000m\000e\000\040\000\050\0001\000\040\000\340\000\040\0003\000\040\000a\000n\000s\000\051}{section.6.6}% 95
\BOOKMARK [2][-]{subsection.6.6.3}{\376\377\000O\000b\000j\000e\000c\000t\000i\000f\000s\000\040\000\340\000\040\000m\000o\000y\000e\000n\000\040\000t\000e\000r\000m\000e\000\040\000\050\0003\000\040\000\340\000\040\0007\000\040\000a\000n\000s\000\051}{section.6.6}% 96
\BOOKMARK [0][-]{chapter.7}{\376\377\000C\000h\000a\000p\000i\000t\000r\000e\000\040\000d\000'\000a\000p\000p\000r\000o\000f\000o\000n\000d\000i\000s\000s\000e\000m\000e\000n\000t\000\040\000s\000c\000i\000e\000n\000t\000i\000f\000i\000q\000u\000e}{}% 97
\BOOKMARK [1][-]{section.7.1}{\376\377\000I\000n\000t\000r\000o\000d\000u\000c\000t\000i\000o\000n}{chapter.7}% 98
\BOOKMARK [2][-]{subsection.7.1.1}{\376\377\000C\000o\000n\000t\000e\000x\000t\000e\000\040\000e\000t\000\040\000p\000r\000o\000b\000l\000\351\000m\000a\000t\000i\000q\000u\000e}{section.7.1}% 99
\BOOKMARK [2][-]{subsection.7.1.2}{\376\377\000Q\000u\000e\000s\000t\000i\000o\000n\000s\000\040\000d\000e\000\040\000r\000e\000c\000h\000e\000r\000c\000h\000e\000\040\000e\000t\000\040\000v\000e\000r\000r\000o\000u\000s\000\040\000s\000c\000i\000e\000n\000t\000i\000f\000i\000q\000u\000e\000s}{section.7.1}% 100
\BOOKMARK [2][-]{subsection.7.1.3}{\376\377\000H\000y\000p\000o\000t\000h\000\350\000s\000e\000s\000\040\000d\000e\000\040\000t\000r\000a\000v\000a\000i\000l}{section.7.1}% 101
\BOOKMARK [1][-]{section.7.2}{\376\377\000\311\000t\000a\000t\000\040\000d\000e\000\040\000l\000'\000a\000r\000t}{chapter.7}% 102
\BOOKMARK [2][-]{subsection.7.2.1}{\376\377\000I\000n\000t\000e\000r\000o\000p\000\351\000r\000a\000b\000i\000l\000i\000t\000\351\000\040\000d\000a\000n\000s\000\040\000l\000e\000s\000\040\000s\000y\000s\000t\000\350\000m\000e\000s\000\040\000d\000'\000i\000n\000f\000o\000r\000m\000a\000t\000i\000o\000n\000\040\000i\000n\000d\000u\000s\000t\000r\000i\000e\000l\000s}{section.7.2}% 103
\BOOKMARK [2][-]{subsection.7.2.2}{\376\377\000L\000i\000a\000i\000s\000o\000n\000\040\000e\000n\000t\000r\000e\000\040\000c\000o\000n\000f\000i\000g\000u\000r\000a\000t\000i\000o\000n\000\040\000p\000r\000o\000d\000u\000i\000t\000,\000\040\000P\000L\000M\000\040\000e\000t\000\040\000C\000A\000O}{section.7.2}% 104
\BOOKMARK [2][-]{subsection.7.2.3}{\376\377\000D\000e\000s\000i\000g\000n\000\040\000b\000y\000\040\000C\000o\000n\000t\000r\000a\000c\000t\000,\000\040\000v\000a\000l\000i\000d\000a\000t\000i\000o\000n\000\040\000d\000e\000\040\000s\000c\000h\000\351\000m\000a\000\040\000e\000t\000\040\000v\000e\000r\000s\000i\000o\000n\000n\000a\000g\000e}{section.7.2}% 105
\BOOKMARK [1][-]{section.7.3}{\376\377\000M\000\351\000t\000h\000o\000d\000e\000s\000\040\000e\000t\000\040\000m\000a\000t\000\351\000r\000i\000a\000u\000x}{chapter.7}% 106
\BOOKMARK [2][-]{subsection.7.3.1}{\376\377\000D\000\351\000m\000a\000r\000c\000h\000e\000\040\000g\000\351\000n\000\351\000r\000a\000l\000e}{section.7.3}% 107
\BOOKMARK [2][-]{subsection.7.3.2}{\376\377\000P\000h\000a\000s\000e\000\040\0001\000\040\040\023\000\040\000C\000a\000r\000a\000c\000t\000\351\000r\000i\000s\000a\000t\000i\000o\000n\000\040\000d\000e\000s\000\040\000r\000u\000p\000t\000u\000r\000e\000s\000\040\000d\000e\000\040\000c\000o\000m\000p\000a\000t\000i\000b\000i\000l\000i\000t\000\351}{section.7.3}% 108
\BOOKMARK [2][-]{subsection.7.3.3}{\376\377\000P\000h\000a\000s\000e\000\040\0002\000\040\040\023\000\040\000C\000o\000n\000c\000e\000p\000t\000i\000o\000n\000\040\000d\000u\000\040\000m\000\351\000t\000a\000-\000m\000o\000d\000\350\000l\000e\000\040\000d\000e\000\040\000p\000a\000r\000a\000m\000\350\000t\000r\000e\000s\000\040\000p\000a\000r\000t\000a\000g\000\351\000s}{section.7.3}% 109
\BOOKMARK [2][-]{subsection.7.3.4}{\376\377\000P\000h\000a\000s\000e\000\040\0003\000\040\040\023\000\040\000P\000r\000o\000t\000o\000c\000o\000l\000e\000\040\000d\000e\000\040\000v\000a\000l\000i\000d\000a\000t\000i\000o\000n}{section.7.3}% 110
\BOOKMARK [2][-]{subsection.7.3.5}{\376\377\000M\000a\000t\000\351\000r\000i\000a\000u\000x\000\040\000e\000t\000\040\000e\000n\000v\000i\000r\000o\000n\000n\000e\000m\000e\000n\000t\000\040\000d\000e\000\040\000t\000e\000s\000t}{section.7.3}% 111
\BOOKMARK [1][-]{section.7.4}{\376\377\000R\000\351\000s\000u\000l\000t\000a\000t\000s}{chapter.7}% 112
\BOOKMARK [2][-]{subsection.7.4.1}{\376\377\000R\000\351\000s\000u\000l\000t\000a\000t\000s\000\040\000d\000e\000\040\000l\000a\000\040\000s\000u\000i\000t\000e\000\040\000d\000e\000\040\000t\000e\000s\000t\000s}{section.7.4}% 113
\BOOKMARK [2][-]{subsection.7.4.2}{\376\377\000C\000o\000u\000v\000e\000r\000t\000u\000r\000e\000\040\000d\000e\000s\000\040\000c\000l\000a\000s\000s\000e\000s\000\040\000d\000e\000\040\000r\000u\000p\000t\000u\000r\000e}{section.7.4}% 114
\BOOKMARK [2][-]{subsection.7.4.3}{\376\377\000E\000x\000e\000m\000p\000l\000e\000\040\000d\000e\000\040\000r\000a\000p\000p\000o\000r\000t\000\040\000g\000\351\000n\000\351\000r\000\351}{section.7.4}% 115
\BOOKMARK [2][-]{subsection.7.4.4}{\376\377\000A\000p\000p\000o\000r\000t\000\040\000d\000u\000\040\000v\000e\000r\000s\000i\000o\000n\000n\000a\000g\000e\000\040\000s\000\351\000m\000a\000n\000t\000i\000q\000u\000e}{section.7.4}% 116
\BOOKMARK [1][-]{section.7.5}{\376\377\000D\000i\000s\000c\000u\000s\000s\000i\000o\000n}{chapter.7}% 117
\BOOKMARK [2][-]{subsection.7.5.1}{\376\377\000I\000n\000t\000e\000r\000p\000r\000\351\000t\000a\000t\000i\000o\000n\000\040\000d\000e\000s\000\040\000r\000\351\000s\000u\000l\000t\000a\000t\000s}{section.7.5}% 118
\BOOKMARK [2][-]{subsection.7.5.2}{\376\377\000L\000i\000m\000i\000t\000e\000s\000\040\000d\000e\000\040\000l\000'\000a\000p\000p\000r\000o\000c\000h\000e}{section.7.5}% 119
\BOOKMARK [2][-]{subsection.7.5.3}{\376\377\000A\000p\000p\000o\000r\000t\000s\000\040\000i\000n\000d\000u\000s\000t\000r\000i\000e\000l\000s\000\040\000e\000t\000\040\000s\000c\000i\000e\000n\000t\000i\000f\000i\000q\000u\000e\000s}{section.7.5}% 120
\BOOKMARK [2][-]{subsection.7.5.4}{\376\377\000P\000e\000r\000s\000p\000e\000c\000t\000i\000v\000e\000s\000\040\000d\000e\000\040\000r\000e\000c\000h\000e\000r\000c\000h\000e\000\040\000e\000t\000\040\000d\000'\000i\000n\000d\000u\000s\000t\000r\000i\000a\000l\000i\000s\000a\000t\000i\000o\000n}{section.7.5}% 121
\BOOKMARK [1][-]{section.7.6}{\376\377\000C\000o\000n\000c\000l\000u\000s\000i\000o\000n}{chapter.7}% 122
\BOOKMARK [0][-]{chapter.8}{\376\377\000C\000o\000n\000c\000l\000u\000s\000i\000o\000n\000\040\000g\000\351\000n\000\351\000r\000a\000l\000e}{}% 123
\BOOKMARK [0][-]{section*.22}{\376\377\000B\000i\000b\000l\000i\000o\000g\000r\000a\000p\000h\000i\000e}{}% 124
\BOOKMARK [0][-]{appendix.A}{\376\377\000I\000n\000t\000e\000r\000f\000a\000c\000e\000\040\000d\000u\000\040\000c\000o\000n\000f\000i\000g\000u\000r\000a\000t\000e\000u\000r\000\040\000C\000o\000v\000e\000r\000a\000c\000c\000e\000s\000s}{}% 125
\BOOKMARK [0][-]{appendix.B}{\376\377\000S\000y\000n\000t\000h\000\350\000s\000e\000\040\000d\000e\000s\000\040\000g\000a\000m\000m\000e\000s\000\040\000c\000o\000n\000f\000i\000g\000u\000r\000\351\000e\000s}{}% 126
\BOOKMARK [0][-]{appendix.C}{\376\377\000P\000r\000o\000d\000u\000i\000t\000s\000\040\000c\000o\000n\000c\000e\000r\000n\000\351\000s\000\040\000p\000a\000r\000\040\000l\000e\000s\000\040\000m\000o\000d\000i\000f\000i\000c\000a\000t\000i\000o\000n\000s\000\040\0003\000D}{}% 127
\BOOKMARK [0][-]{appendix.D}{\376\377\000G\000l\000o\000s\000s\000a\000i\000r\000e\000\040\000t\000e\000c\000h\000n\000i\000q\000u\000e\000\040\000S\000Q\000L\000\040\000c\000o\000m\000p\000l\000\351\000m\000e\000n\000t\000a\000i\000r\000e}{}% 128
